11:25:57.536 [com.cognizant.logging.LoggingExample.main()] DEBUG com.cognizant.logging.LoggingExample - This is a debug message
11:25:57.537 [com.cognizant.logging.LoggingExample.main()] INFO  com.cognizant.logging.LoggingExample - This is an info message
11:25:57.537 [com.cognizant.logging.LoggingExample.main()] WARN  com.cognizant.logging.LoggingExample - This is a warning message
11:25:57.537 [com.cognizant.logging.LoggingExample.main()] ERROR com.cognizant.logging.LoggingExample - This is an error message
11:26:02.179 [com.cognizant.logging.ParameterizedLoggingExample.main()] INFO  c.c.l.ParameterizedLoggingExample - User 'Ishan Parmar' attempted to log in.
11:26:02.179 [com.cognizant.logging.ParameterizedLoggingExample.main()] WARN  c.c.l.ParameterizedLoggingExample - Failed login attempt #3 for user 'Ishan Parmar' from IP address 192.168.1.105.
11:26:02.180 [com.cognizant.logging.ParameterizedLoggingExample.main()] ERROR c.c.l.ParameterizedLoggingExample - An error occurred during math operations for user 'Ishan Parmar': / by zero
java.lang.ArithmeticException: / by zero
	at com.cognizant.logging.ParameterizedLoggingExample.main(ParameterizedLoggingExample.java:24)
	at java.base/jdk.internal.reflect.DirectMethodHandleAccessor.invoke(DirectMethodHandleAccessor.java:104)
	at java.base/java.lang.reflect.Method.invoke(Method.java:565)
	at org.codehaus.mojo.exec.AbstractExecJavaBase.executeMainMethod(AbstractExecJavaBase.java:402)
	at org.codehaus.mojo.exec.ExecJavaMojo.executeMainMethod(ExecJavaMojo.java:142)
	at org.codehaus.mojo.exec.AbstractExecJavaBase.doExecClassLoader(AbstractExecJavaBase.java:377)
	at org.codehaus.mojo.exec.AbstractExecJavaBase.lambda$execute$0(AbstractExecJavaBase.java:287)
	at java.base/java.lang.Thread.run(Thread.java:1474)
11:26:09.173 [com.cognizant.logging.AppendersLoggingExample.main()] DEBUG c.c.logging.AppendersLoggingExample - Debug log: starting process...
11:26:09.174 [com.cognizant.logging.AppendersLoggingExample.main()] INFO  c.c.logging.AppendersLoggingExample - Info log: system initialized.
11:26:09.174 [com.cognizant.logging.AppendersLoggingExample.main()] WARN  c.c.logging.AppendersLoggingExample - Warn log: configuration is using defaults.
11:26:09.174 [com.cognizant.logging.AppendersLoggingExample.main()] ERROR c.c.logging.AppendersLoggingExample - Error log: database connection timed out, retrying...
11:36:54.490 [com.cognizant.logging.LoggingExample.main()] DEBUG com.cognizant.logging.LoggingExample - This is a debug message
11:36:54.490 [com.cognizant.logging.LoggingExample.main()] INFO  com.cognizant.logging.LoggingExample - This is an info message
11:36:54.491 [com.cognizant.logging.LoggingExample.main()] WARN  com.cognizant.logging.LoggingExample - This is a warning message
11:36:54.491 [com.cognizant.logging.LoggingExample.main()] ERROR com.cognizant.logging.LoggingExample - This is an error message
11:36:55.199 [com.cognizant.logging.ParameterizedLoggingExample.main()] INFO  c.c.l.ParameterizedLoggingExample - User 'Ishan Parmar' attempted to log in.
11:36:55.200 [com.cognizant.logging.ParameterizedLoggingExample.main()] WARN  c.c.l.ParameterizedLoggingExample - Failed login attempt #3 for user 'Ishan Parmar' from IP address 192.168.1.105.
11:36:55.201 [com.cognizant.logging.ParameterizedLoggingExample.main()] ERROR c.c.l.ParameterizedLoggingExample - An error occurred during math operations for user 'Ishan Parmar': / by zero
java.lang.ArithmeticException: / by zero
	at com.cognizant.logging.ParameterizedLoggingExample.main(ParameterizedLoggingExample.java:24)
	at java.base/jdk.internal.reflect.DirectMethodHandleAccessor.invoke(DirectMethodHandleAccessor.java:104)
	at java.base/java.lang.reflect.Method.invoke(Method.java:565)
	at org.codehaus.mojo.exec.AbstractExecJavaBase.executeMainMethod(AbstractExecJavaBase.java:402)
	at org.codehaus.mojo.exec.ExecJavaMojo.executeMainMethod(ExecJavaMojo.java:142)
	at org.codehaus.mojo.exec.AbstractExecJavaBase.doExecClassLoader(AbstractExecJavaBase.java:377)
	at org.codehaus.mojo.exec.AbstractExecJavaBase.lambda$execute$0(AbstractExecJavaBase.java:287)
	at java.base/java.lang.Thread.run(Thread.java:1474)
11:36:55.920 [com.cognizant.logging.AppendersLoggingExample.main()] DEBUG c.c.logging.AppendersLoggingExample - Debug log: starting process...
11:36:55.921 [com.cognizant.logging.AppendersLoggingExample.main()] INFO  c.c.logging.AppendersLoggingExample - Info log: system initialized.
11:36:55.921 [com.cognizant.logging.AppendersLoggingExample.main()] WARN  c.c.logging.AppendersLoggingExample - Warn log: configuration is using defaults.
11:36:55.921 [com.cognizant.logging.AppendersLoggingExample.main()] ERROR c.c.logging.AppendersLoggingExample - Error log: database connection timed out, retrying...
